[
  {
    "allUsers": null,
    "client": "",
    "cursorExhausted": false,
    "execStats": {
      "advanced": 0,
      "executionTimeMillisEstimate": 0,
      "inputStage": {
        "advanced": 0,
        "direction": "",
        "docsExamined": 0,
        "executionTimeMillisEstimate": 0,
        "filter": {
          "date": {
            "$eq": ""
          }
        },
        "invalidates": 0,
        "isEOF": 0,
        "nReturned": 0,
        "needTime": 0,
        "needYield": 0,
        "restoreState": 0,
        "saveState": 0,
        "stage": "",
        "works": 0
      },
      "invalidates": 0,
      "isEOF": 0,
      "limitAmount": 0,
      "nReturned": 0,
      "needTime": 0,
      "needYield": 0,
      "restoreState": 0,
      "saveState": 0,
      "stage": "",
      "works": 0,
      "docsExamined": 0
    },
    "keyUpdates": 0,
    "keysExamined": 0,
    "locks": {
      "Collection": {
        "acquireCount": {
          "R": 0,
          "r": 0
        }
      },
      "Database": {
        "acquireCount": {
          "r": 0
        },
        "acquireWaitCount": {
          "r": 0
        },
        "timeAcquiringMicros": {
          "r": 0
        }
      },
      "Global": {
        "acquireCount": {
          "r": 0,
          "w": 0
        }
      },
      "MMAPV1Journal": {
        "acquireCount": {
          "r": 0
        }
      }
    },
    "durationMillis": 0,
    "nreturned": 0,
    "ns": "admin.$cmd",
    "numYield": 0,
    "op": "",
    "planSummary": "",
    "protocol": "op_msg",
    "query": null,
    "updateobj": null,
    "command": [
      {
        "Key": "hello",
        "Value": 1
      },
      {
        "Key": "maxAwaitTimeMS",
        "Value": 10000
      },
      {
        "Key": "topologyVersion",
        "Value": {
          "counter": 0,
          "processId": {
            "$oid": "6811dc4e0aa9d69a6f72f912"
          }
        }
      },
      {
        "Key": "$db",
        "Value": "admin"
      }
    ],
    "originatingCommand": null,
    "reslen": 120,
    "ts": "2025-04-30T08:56:32.702Z",
    "user": "",
    "writeConflicts": 0,
    "docsExamined": 0,
    "queryHash": "",
    "storage": {
      "data": {
        "bytesRead": 0,
        "timeReadingMicros": 0
      }
    },
    "appName": "mongosh 2.3.8",
    "comments": ""
  }
]